---------------------------------------
Begin Slurm Prolog: Feb-22-2026 10:49:36
Job ID:    4107334
User ID:   bwilfong3
Account:   gts-sbryngelson3
Job name:  TGV_512
Partition: cpu-gnr
QOS:       embers
---------------------------------------

Currently Loaded Modules:
  1) gmp/6.2.1                  (H)  17) ncurses/6.5-xkpgqwd            (H)
  2) mpfr/4.2.0                 (H)  18) readline/8.2-m7iw5ox           (H)
  3) mpc/1.3.1                  (H)  19) gdbm/1.23-uej47lx              (H)
  4) zlib/1.2.13                (H)  20) xz/5.2.5-y72uqzs               (H)
  5) gcc/12.3.0                      21) zlib-ng/2.2.1-rn5xtrt          (H)
  6) hwloc/2.4.1                (H)  22) libxml2/2.10.3-74cdfsk         (H)
  7) numactl/2.0.14             (H)  23) pigz/2.8-24535gt               (H)
  8) pmix/4.2.6                 (H)  24) tar/1.30-7aefvn4               (H)
  9) slurm/23.11.1              (H)  25) gettext/0.22.5-ojoqw7w         (H)
 10) openmpi/4.1.5                   26) libffi/3.4.6-z67ye25           (H)
 11) bzip2/1.0.8-s4clgmg        (H)  27) libxcrypt/4.4.35-nt6uc7c       (H)
 12) gcc-runtime/11.3.1-v246x7k (H)  28) openssl/3.0.7-7zd7vbo          (H)
 13) glibc/2.34-dbx3rav         (H)  29) sqlite/3.46.0-norhm4o          (H)
 14) libmd/1.0.4-kd3j3pb        (H)  30) util-linux-uuid/2.40.2-j3cvbey (H)
 15) libbsd/0.12.2-nixezex      (H)  31) python/3.12.5
 16) expat/2.6.3-3xbn2lu        (H)

  Where:
   H:  Hidden Module
Building sifv driver...
[  2%] Performing update step for 'petsc_external'
[  5%] No patch step for 'petsc_external'
[  7%] Performing configure step for 'petsc_external'
-- petsc_external configure command succeeded.  See also /storage/scratch1/6/bwilfong3/software/SemiImplicitFV/build/petsc-prefix/src/petsc_external-stamp/petsc_external-configure-*.log
[ 10%] Performing build step for 'petsc_external'
-- petsc_external build command succeeded.  See also /storage/scratch1/6/bwilfong3/software/SemiImplicitFV/build/petsc-prefix/src/petsc_external-stamp/petsc_external-build-*.log
[ 12%] Performing install step for 'petsc_external'
-- petsc_external install command succeeded.  See also /storage/scratch1/6/bwilfong3/software/SemiImplicitFV/build/petsc-prefix/src/petsc_external-stamp/petsc_external-install-*.log
[ 15%] Completed 'petsc_external'
[ 20%] Built target petsc_external
[ 85%] Built target SemiImplicitFV
[ 95%] Built target SemiImplicitFV_input
[100%] Built target sifv

=== Running 3D_taylor_green_vortex via sifv driver with 4096 MPI rank(s) ===
=== Output directory: /storage/scratch1/6/bwilfong3/software/SemiImplicitFV/cases/3D_taylor_green_vortex ===

--------------------------------------------------------------------------
An ORTE daemon has unexpectedly failed after launch and before
communicating back to mpirun. This could be caused by a number
of factors, including an inability to create a connection back
to mpirun due to a lack of common network interfaces and/or no
route found between them. Please check network connectivity
(including firewalls and network routing requirements).
--------------------------------------------------------------------------
---------------------------------------
Begin Slurm Epilog: Feb-22-2026 10:50:06
Job ID:        4107334
User ID:       bwilfong3
Account:       gts-sbryngelson3
Job name:      TGV_512
Resources:     cpu=4096,mem=32T,node=32
Rsrc Used:     cput=1-11:16:16,vmem=0,walltime=00:00:31,mem=214076K,energy_used=0
Partition:     cpu-gnr
QOS:           embers
Nodes:         atl1-1-03-018-9-0,atl1-1-03-018-10-0,atl1-1-03-018-11-0,atl1-1-03-018-12-0,atl1-1-03-018-13-0,atl1-1-03-019-13-0,atl1-1-03-019-20-0,atl1-1-03-019-21-0,atl1-1-03-019-22-0,atl1-1-03-019-23-0,atl1-1-03-019-24-0,atl1-1-03-019-25-0,atl1-1-03-019-26-0,atl1-1-03-019-27-0,atl1-1-03-019-28-0,atl1-1-03-019-29-0,atl1-1-03-019-30-0,atl1-1-03-019-31-0,atl1-1-03-019-32-0,atl1-1-03-019-33-0,atl1-1-03-019-34-0,atl1-1-03-019-35-0,atl1-1-03-020-24-0,atl1-1-03-020-25-0,atl1-1-03-020-26-0,atl1-1-03-020-27-0,atl1-1-03-020-28-0,atl1-1-03-020-29-0,atl1-1-03-020-30-0,atl1-1-03-020-31-0,atl1-1-03-020-32-0,atl1-1-03-020-33-0
---------------------------------------
